bar
z
bar1
z2
baz
baz3
foo bar baz4
baz5
foo bar baz6
